#
# There is insufficient memory for the Java Runtime Environment to continue.
# Native memory allocation (malloc) failed to allocate 177296 bytes for Chunk::new
# Possible reasons:
#   The system is out of physical RAM or swap space
#   The process is running with CompressedOops enabled, and the Java Heap may be blocking the growth of the native heap
# Possible solutions:
#   Reduce memory load on the system
#   Increase physical memory or swap space
#   Check if swap backing store is full
#   Decrease Java heap size (-Xmx/-Xms)
#   Decrease number of Java threads
#   Decrease Java thread stack sizes (-Xss)
#   Set larger code cache with -XX:ReservedCodeCacheSize=
#   JVM is running with Unscaled Compressed Oops mode in which the Java heap is
#     placed in the first 4GB address space. The Java Heap base address is the
#     maximum limit for the native heap growth. Please use -XX:HeapBaseMinAddress
#     to set the Java Heap base and to place the Java Heap above 4GB virtual address.
# This output file may be truncated or incomplete.
#
#  Out of Memory Error (arena.cpp:189), pid=11740, tid=30500
#
# JRE version: Java(TM) SE Runtime Environment (17.0.16+12) (build 17.0.16+12-LTS-247)
# Java VM: Java HotSpot(TM) 64-Bit Server VM (17.0.16+12-LTS-247, mixed mode, sharing, tiered, compressed oops, compressed class ptrs, g1 gc, windows-amd64)
# No core dump will be written. Minidumps are not enabled by default on client versions of Windows
#

---------------  S U M M A R Y ------------

Command Line: --enable-native-access=ALL-UNNAMED -Dclassworlds.conf=C:\Users\LENOVO\Downloads\apache-maven-3.9.16-bin\apache-maven-3.9.16\bin\m2.conf -Dmaven.home=C:\Users\LENOVO\Downloads\apache-maven-3.9.16-bin\apache-maven-3.9.16 -Dlibrary.jansi.path=C:\Users\LENOVO\Downloads\apache-maven-3.9.16-bin\apache-maven-3.9.16\lib\jansi-native -Dmaven.multiModuleProjectDirectory=D:\Shruti HMS\backend\notification-service org.codehaus.plexus.classworlds.launcher.Launcher package -DskipTests

Host: AMD Ryzen 5 6600H with Radeon Graphics         , 12 cores, 7G,  Windows 11 , 64 bit Build 26100 (10.0.26100.8737)
Time: Fri Jul  3 15:29:04 2026 India Standard Time elapsed time: 10.829647 seconds (0d 0h 0m 10s)

---------------  T H R E A D  ---------------

Current thread (0x000002652f96a9b0):  JavaThread "C2 CompilerThread0" daemon [_thread_in_native, id=30500, stack(0x00000080c1b00000,0x00000080c1c00000)]


Current CompileTask:
C2:  10829 8311       4       sun.net.util.URLUtil::urlNoFragString (114 bytes)

Stack: [0x00000080c1b00000,0x00000080c1c00000]
Native frames: (J=compiled Java code, j=interpreted, Vv=VM code, C=native code)
V  [jvm.dll+0x67a46a]